# expected unit conversion test

1/K
W/(m*K)
MPa*m^(1/2)
g/cm³
''
°C

# extra

